<html>
<body>
<pre>
<h1>µVision Build Log</h1>
<h2>Tool Versions:</h2>
IDE-Version: ¦ÌVision V5.14.0.0
Copyright (C) 2015 ARM Ltd and ARM Germany GmbH. All rights reserved.
License Information: k lenovo, k, LIC=EPPCX-H3FEW-EYFVT-RV2B7-P31TB-GQMEB
 
Tool Versions:
Toolchain:       MDK-ARM Professional  Version: 5.14.0.0
Toolchain Path:  C:\Keil_v5\ARM\ARMCC\Bin
C Compiler:      Armcc.exe V5.05 update 1 (build 106)
Assembler:       Armasm.exe V5.05 update 1 (build 106)
Linker/Locator:  ArmLink.exe V5.05 update 1 (build 106)
Library Manager: ArmAr.exe V5.05 update 1 (build 106)
Hex Converter:   FromElf.exe V5.05 update 1 (build 106)
CPU DLL:         SARMCM3.DLL V5.14.0.0
Dialog DLL:      DCM.DLL V1.13.1.0
Target DLL:      Segger\JL2CM3.dll V2.99.13.0
Dialog DLL:      TCM.DLL V1.14.4.0
 
<h2>Project:</h2>
D:\STM32HAL project_Keil\2023E\MDK-ARM\Uasrt_recieve_DMA.uvprojx
Project File Date:  07/16/2024

<h2>Output:</h2>
Rebuild target 'Uasrt_recieve_DMA'
assembling startup_stm32f407xx.s...
compiling NANO_Tansmit.c...
../Core/Inc/ChuanKoPing.h(6): warning:  #1-D: last line of file ends without a newline
  #endif 
..\Core\Src\NANO_Tansmit.c(224): warning:  #1-D: last line of file ends without a newline
  }
..\Core\Src\NANO_Tansmit.c: 2 warnings, 0 errors
compiling ChuanKoPing.c...
../Core/Inc/ChuanKoPing.h(6): warning:  #1-D: last line of file ends without a newline
  #endif 
..\Core\Src\ChuanKoPing.c(53): warning:  #1-D: last line of file ends without a newline
  }
..\Core\Src\ChuanKoPing.c: 2 warnings, 0 errors
compiling YunTai_UART2.c...
..\Core\Src\YunTai_UART2.c(111): warning:  #1-D: last line of file ends without a newline
  }
..\Core\Src\YunTai_UART2.c: 1 warning, 0 errors
compiling main.c...
../Core/Inc/ChuanKoPing.h(6): warning:  #1-D: last line of file ends without a newline
  #endif 
../Core/Src/main.c: 1 warning, 0 errors
compiling gpio.c...
compiling dma.c...
compiling tim.c...
compiling usart.c...
compiling stm32f4xx_it.c...
compiling stm32f4xx_hal_msp.c...
compiling stm32f4xx_hal_tim.c...
compiling stm32f4xx_hal_tim_ex.c...
compiling stm32f4xx_hal_rcc.c...
compiling stm32f4xx_hal_rcc_ex.c...
compiling stm32f4xx_hal_flash.c...
compiling stm32f4xx_hal_flash_ex.c...
compiling stm32f4xx_hal_flash_ramfunc.c...
compiling stm32f4xx_hal_gpio.c...
compiling stm32f4xx_hal_dma_ex.c...
compiling stm32f4xx_hal_dma.c...
compiling stm32f4xx_hal_pwr.c...
compiling stm32f4xx_hal_pwr_ex.c...
compiling stm32f4xx_hal_cortex.c...
compiling stm32f4xx_hal.c...
compiling stm32f4xx_hal_exti.c...
compiling stm32f4xx_hal_uart.c...
compiling system_stm32f4xx.c...
linking...
Program Size: Code=11198 RO-data=474 RW-data=84 ZI-data=2692  
FromELF: creating hex file...
"Uasrt_recieve_DMA\Uasrt_recieve_DMA.axf" - 0 Error(s), 6 Warning(s).

<h2>Software Packages used:</h2>

Package Vendor: ARM
                http://www.keil.com/pack/ARM.CMSIS.4.2.0.pack
                ARM::CMSIS:CORE:3.40.0
                CMSIS (Cortex Microcontroller Software Interface Standard)
   * Component: CORE Version: 3.40.0

<h2>Collection of Component include folders:</h2>
  D:\STM32HAL project_Keil\2023E\MDK-ARM\RTE
  C:\Keil_v5\ARM\PACK\ARM\CMSIS\4.2.0\CMSIS\Include
  C:\Keil_v5\ARM\PACK\Keil\STM32F4xx_DFP\1.0.8\Device\Include

<h2>Collection of Component Files used:</h2>

   * Component: ARM::CMSIS:CORE:3.40.0
      Source file:   CMSIS\UserCodeTemplates\ARM\ITM_Retarget.c
</pre>
</body>
</html>
